<!-- Common header -->
<html>
  <head>
    <title>Hello 4</title>
    <meta name="test" content="TEST">
  </head>
  <body id="write1" class="write-class-1 TEST">
	<input id='meta.test' type='hidden' value='TEST' />
    <h1 style="text-align:center">Hello 4</h1>

    <!-- body -->
    <p>Property write test</p>
    <!-- end of body -->

  </body>
</html>
<!-- Common footer -->